>>> add_integer = __import__('0-add_integer').add_integer
>>> print(add_integer(3))
101

>>> print(add_integer(3, 3))
6

>>> print(add_integer(3.2, 1))
4

>>> print(add_integer(3, 1.5))
4

>>> print(add_integer("hello", 4))
Traceback (most recent call last):
...
TypeError: a must be an integer

>>> print(add_integer(3, "world"))
Traceback (most recent call last):
...
TypeError: b must be an integer

>>> print(add_integer(-3, -3))
-6

>>> print(add_integer(-3, 2))
-1

